// Jest Snapshot v1, https://goo.gl/fbAQLP

exports[`renders correctly 1`] = `
<View
  accessible={true}
  collapsable={false}
  focusable={true}
  nativeID="animatedComponent"
  onClick={[Function]}
  onResponderGrant={[Function]}
  onResponderMove={[Function]}
  onResponderRelease={[Function]}
  onResponderTerminate={[Function]}
  onResponderTerminationRequest={[Function]}
  onStartShouldSetResponder={[Function]}
  style={
    Object {
      "alignItems": "center",
      "backgroundColor": "white",
      "borderColor": "#e8e9ec",
      "borderRadius": 4,
      "borderWidth": 2,
      "flex": 1,
      "flexDirection": "row",
      "justifyContent": "center",
      "opacity": 1,
      "padding": 8,
    }
  }
>
  <Text
    style={
      Array [
        Object {
          "color": "#646d7a",
          "fontSize": 20,
          "fontWeight": "600",
        },
        Object {},
      ]
    }
  >
    
  </Text>
</View>
`;
